Loading hook file 'hooks.enumeration.lua'
LOG[register_hook]: 'on_setup' hook from '../examples/enumeration/hooks.enumeration.lua' at line 1 registered
LOG[register_hook]: 'convert_node_to_string' hook from '../examples/enumeration/hooks.enumeration.lua' at line 5 registered
Running transformation.
LOG[transform]: run setup hooks
LOG[transform]: ran 'on_setup' hook from '../examples/enumeration/hooks.enumeration.lua' at line 1
LOG[transform]: run read-new-node hooks
LOG[transform]: run modify-node hooks
LOG[transform]: run read-modified-node hooks
LOG[transform]: run convert-node-to-string hooks
LOG[transform]: ran 'convert_node_to_string' hook from '../examples/enumeration/hooks.enumeration.lua' at line 5 for call 'item'
LOG[transform]: ran 'convert_node_to_string' hook from '../examples/enumeration/hooks.enumeration.lua' at line 5 for call 'item'
LOG[transform]: ran 'convert_node_to_string' hook from '../examples/enumeration/hooks.enumeration.lua' at line 5 for call 'item'
LOG[transform]: ran 'convert_node_to_string' hook from '../examples/enumeration/hooks.enumeration.lua' at line 5 for call 'item'
LOG[transform]: ran 'convert_node_to_string' hook from '../examples/enumeration/hooks.enumeration.lua' at line 5 for call 'item'
LOG[transform]: run modify-final-string hooks
File '../examples/enumeration/doc.txt' read.
File '../examples/enumeration/doc.lit' written.
