Token= Text(0..40)
Token= BeginFunction(41)
Token= Call(41..45)
Token= EndFunction(45)
Token= Text(46..51)
Token= BeginFunction(52)
Token= Call(52..56)
Token= EndFunction(56)
Token= Text(57..62)
Token= BeginFunction(63)
Token= Call(63..67)
Token= EndFunction(67)
Token= Text(68..73)
Token= BeginFunction(74)
Token= Call(74..78)
Token= EndFunction(78)
Token= Text(79..84)
Token= BeginFunction(85)
Token= Call(85..89)
Token= EndFunction(89)
Token= Text(90..95)
Token= EndOfFile(94)
