LOG[register_hook]:	'on_setup' hook from './examples/enumeration/hooks.enumeration.lua' at line 1 registered
LOG[register_hook]:	'convert_node_to_string' hook from './examples/enumeration/hooks.enumeration.lua' at line 5 registered
LOG[preprocess]:	run on_setup hooks
LOG[preprocess]:	ran 'on_setup' hook from './examples/enumeration/hooks.enumeration.lua' at line 1
LOG[runtime]:	setting 'enum' of 'Litua.global' to 0
LOG[preprocess]:	run modify_initial_string hooks
Text(0..40)
BeginFunction(40)
Call(41..45)
EndFunction(45)
Text(46..51)
BeginFunction(51)
Call(52..56)
EndFunction(56)
Text(57..62)
BeginFunction(62)
Call(63..67)
EndFunction(67)
Text(68..73)
BeginFunction(73)
Call(74..78)
EndFunction(78)
Text(79..84)
BeginFunction(84)
Call(85..89)
EndFunction(89)
Text(90..95)
EndOfFile(95)
