Token= BeginFunction(1)
Token= Call(1..5)
Token= Whitespace(5, ' ')
Token= BeginContent(5)
Token= Text(6..22)
Token= EndContent(22)
Token= EndFunction(22)
Token= Text(23..25)
Token= BeginFunction(26)
Token= Call(26..30)
Token= Whitespace(30, ' ')
Token= BeginContent(30)
Token= BeginRaw(32..33)
Token= Whitespace(33, '\n')
Token= Text(34..159)
Token= EndRaw(159..160)
Token= EndContent(161)
Token= EndFunction(161)
Token= Text(162..164)
Token= BeginFunction(165)
Token= Call(165..169)
Token= Whitespace(169, '\n')
Token= BeginContent(169)
Token= Text(170..197)
Token= EndContent(197)
Token= EndFunction(197)
Token= Text(198..200)
Token= BeginFunction(201)
Token= Call(201..205)
Token= Whitespace(205, ' ')
Token= BeginContent(205)
Token= BeginRaw(207..209)
Token= Whitespace(209, '\n')
Token= Text(210..590)
Token= EndRaw(590..592)
Token= EndContent(593)
Token= EndFunction(593)
Token= EndOfFile(594)
