LOG[register_hook]:	'on_setup' hook from './examples/literate-programming/hooks.all.lua' at line 3 registered
LOG[register_hook]:	'read_new_node' hook from './examples/literate-programming/hooks.all.lua' at line 8 registered
LOG[register_hook]:	'read_new_node' hook from './examples/literate-programming/hooks.all.lua' at line 14 registered
LOG[register_hook]:	'on_teardown' hook from './examples/literate-programming/hooks.all.lua' at line 20 registered
LOG[preprocess]:	run on_setup hooks
LOG[preprocess]:	ran 'on_setup' hook from './examples/literate-programming/hooks.all.lua' at line 3
LOG[preprocess]:	run modify_initial_string hooks
BeginFunction(0)
Call(1..5)
Whitespace(5, ' ')
BeginContent(6)
Text(6..22)
EndContent(22)
EndFunction(22)
Text(23..25)
BeginFunction(25)
Call(26..30)
Whitespace(30, ' ')
BeginContent(31)
BeginRaw(32..33)
Whitespace(33, '\n')
Text(34..158)
Whitespace(158, '\n')
EndRaw(159..160)
EndContent(161)
EndFunction(161)
Text(162..164)
BeginFunction(164)
Call(165..169)
Whitespace(169, '\n')
BeginContent(170)
Text(170..197)
EndContent(197)
EndFunction(197)
Text(198..200)
BeginFunction(200)
Call(201..205)
Whitespace(205, ' ')
BeginContent(206)
BeginRaw(207..209)
Whitespace(209, '\n')
Text(210..589)
Whitespace(589, '\n')
EndRaw(590..592)
EndContent(593)
EndFunction(593)
Text(594..595)
EndOfFile(595)
