LOG[register_hook]:	'on_setup' hook from './examples/literate-programming/hooks.all.lua' at line 3 registered
LOG[register_hook]:	'read_new_node' hook from './examples/literate-programming/hooks.all.lua' at line 8 registered
LOG[register_hook]:	'read_new_node' hook from './examples/literate-programming/hooks.all.lua' at line 18 registered
LOG[register_hook]:	'on_teardown' hook from './examples/literate-programming/hooks.all.lua' at line 24 registered
LOG[preprocess]:	run on_setup hooks
LOG[preprocess]:	ran 'on_setup' hook from './examples/literate-programming/hooks.all.lua' at line 3
LOG[preprocess]:	run modify_initial_string hooks
BeginFunction(0)
Call(1..5)
Whitespace(5, '\n')
BeginContent(6)
Text(6..93)
EndContent(93)
EndFunction(93)
Text(94..96)
BeginFunction(96)
Call(97..101)
Whitespace(101, ' ')
BeginContent(102)
BeginRaw(103..106)
Whitespace(106, '\n')
Text(107..133)
Whitespace(133, ' ')
EndRaw(134..137)
EndContent(138)
EndFunction(138)
Text(139..141)
BeginFunction(141)
Call(142..146)
Whitespace(146, ' ')
BeginContent(147)
Text(147..210)
EndContent(210)
EndFunction(210)
Text(211..213)
BeginFunction(213)
Call(214..218)
Whitespace(218, ' ')
BeginContent(219)
BeginRaw(220..223)
Whitespace(223, '\n')
Text(224..263)
Whitespace(263, ' ')
EndRaw(264..267)
EndContent(268)
EndFunction(268)
Text(269..270)
EndOfFile(270)
