Token= BeginFunction(1)
Token= Call(1..5)
Token= BeginArgs
Token= ArgKey(6..10)
Token= BeginArgValue(11)
Token= Text(11..13)
Token= EndArgValue(13)
Token= EndArgs
Token= Whitespace(14, '\n')
Token= BeginContent(14)
Token= Text(15..17)
Token= BeginFunction(18)
Token= Call(18..22)
Token= Whitespace(22, '\n')
Token= BeginContent(22)
Token= Text(23..27)
Token= BeginFunction(28)
Token= Call(28..32)
Token= BeginArgs
Token= ArgKey(33..40)
Token= BeginArgValue(41)
Token= Text(41..46)
Token= EndArgValue(46)
Token= EndArgs
Token= EndFunction(47)
Token= Text(48..53)
Token= BeginFunction(54)
Token= Call(54..59)
Token= Whitespace(59, ' ')
Token= BeginContent(59)
Token= Text(60..98)
Token= EndContent(98)
Token= EndFunction(98)
Token= Text(99..104)
Token= BeginFunction(105)
Token= Call(105..109)
Token= BeginArgs
Token= ArgKey(110..114)
Token= BeginArgValue(115)
Token= Text(115..130)
Token= EndArgValue(130)
Token= ArgKey(132..139)
Token= BeginArgValue(140)
Token= Text(140..154)
Token= EndArgValue(154)
Token= EndArgs
Token= EndFunction(155)
Token= Text(156..161)
Token= BeginFunction(162)
Token= Call(162..166)
Token= BeginArgs
Token= ArgKey(167..171)
Token= BeginArgValue(172)
Token= Text(172..187)
Token= EndArgValue(187)
Token= ArgKey(189..196)
Token= BeginArgValue(197)
Token= Text(197..207)
Token= EndArgValue(207)
Token= EndArgs
Token= EndFunction(208)
Token= Text(209..214)
Token= BeginFunction(215)
Token= Call(215..219)
Token= BeginArgs
Token= ArgKey(220..224)
Token= BeginArgValue(225)
Token= Text(225..244)
Token= EndArgValue(244)
Token= ArgKey(246..253)
Token= BeginArgValue(254)
Token= Text(254..272)
Token= EndArgValue(272)
Token= EndArgs
Token= EndFunction(273)
Token= Text(274..279)
Token= BeginFunction(280)
Token= Call(280..284)
Token= BeginArgs
Token= ArgKey(285..289)
Token= BeginArgValue(290)
Token= Text(290..301)
Token= EndArgValue(301)
Token= ArgKey(303..310)
Token= BeginArgValue(311)
Token= Text(311..329)
Token= EndArgValue(329)
Token= EndArgs
Token= EndFunction(330)
Token= Text(331..336)
Token= BeginFunction(337)
Token= Call(337..341)
Token= BeginArgs
Token= ArgKey(342..346)
Token= BeginArgValue(347)
Token= Text(347..363)
Token= EndArgValue(363)
Token= ArgKey(365..372)
Token= BeginArgValue(373)
Token= Text(373..375)
Token= EndArgValue(375)
Token= EndArgs
Token= EndFunction(376)
Token= Text(377..382)
Token= BeginFunction(383)
Token= Call(383..387)
Token= BeginArgs
Token= ArgKey(388..392)
Token= BeginArgValue(393)
Token= Text(393..401)
Token= EndArgValue(401)
Token= ArgKey(403..410)
Token= BeginArgValue(411)
Token= Text(411..446)
Token= EndArgValue(446)
Token= EndArgs
Token= EndFunction(447)
Token= Text(448..453)
Token= BeginFunction(454)
Token= Call(454..458)
Token= BeginArgs
Token= ArgKey(459..463)
Token= BeginArgValue(464)
Token= Text(464..470)
Token= EndArgValue(470)
Token= ArgKey(472..479)
Token= BeginArgValue(480)
Token= Text(480..483)
Token= EndArgValue(483)
Token= EndArgs
Token= EndFunction(484)
Token= Text(485..490)
Token= BeginFunction(491)
Token= Call(491..495)
Token= BeginArgs
Token= ArgKey(496..499)
Token= BeginArgValue(500)
Token= Text(500..502)
Token= EndArgValue(502)
Token= ArgKey(504..508)
Token= BeginArgValue(509)
Token= Text(509..537)
Token= EndArgValue(537)
Token= EndArgs
Token= EndFunction(538)
Token= Text(539..544)
Token= BeginFunction(545)
Token= Call(545..549)
Token= BeginArgs
Token= ArgKey(550..553)
Token= BeginArgValue(554)
Token= Text(554..560)
Token= EndArgValue(560)
Token= ArgKey(562..566)
Token= BeginArgValue(567)
Token= Text(567..577)
Token= EndArgValue(577)
Token= ArgKey(579..583)
Token= BeginArgValue(584)
Token= Text(584..595)
Token= EndArgValue(595)
Token= EndArgs
Token= EndFunction(596)
Token= Text(597..602)
Token= BeginFunction(603)
Token= Call(603..607)
Token= BeginArgs
Token= ArgKey(608..611)
Token= BeginArgValue(612)
Token= Text(612..625)
Token= EndArgValue(625)
Token= ArgKey(627..631)
Token= BeginArgValue(632)
Token= Text(632..655)
Token= EndArgValue(655)
Token= EndArgs
Token= EndFunction(656)
Token= Text(657..662)
Token= BeginFunction(663)
Token= Call(663..667)
Token= BeginArgs
Token= ArgKey(668..671)
Token= BeginArgValue(672)
Token= Text(672..682)
Token= EndArgValue(682)
Token= ArgKey(684..688)
Token= BeginArgValue(689)
Token= Text(689..697)
Token= EndArgValue(697)
Token= ArgKey(699..703)
Token= BeginArgValue(704)
Token= Text(704..725)
Token= EndArgValue(725)
Token= EndArgs
Token= EndFunction(726)
Token= Text(727..732)
Token= BeginFunction(733)
Token= Call(733..739)
Token= BeginArgs
Token= ArgKey(740..743)
Token= BeginArgValue(744)
Token= Text(744..775)
Token= EndArgValue(775)
Token= EndArgs
Token= EndFunction(776)
Token= Text(777..780)
Token= EndContent(780)
Token= EndFunction(780)
Token= Text(781..785)
Token= BeginFunction(786)
Token= Call(786..790)
Token= BeginArgs
Token= ArgKey(791..795)
Token= BeginArgValue(796)
Token= Text(796..801)
Token= EndArgValue(801)
Token= ArgKey(803..805)
Token= BeginArgValue(806)
Token= Text(806..811)
Token= EndArgValue(811)
Token= EndArgs
Token= Whitespace(812, '\n')
Token= BeginContent(812)
Token= Text(813..817)
Token= BeginFunction(818)
Token= Call(818..822)
Token= Whitespace(822, '\n')
Token= BeginContent(822)
Token= Text(823..829)
Token= BeginFunction(830)
Token= Call(830..832)
Token= BeginArgs
Token= ArgKey(833..835)
Token= BeginArgValue(836)
Token= Text(836..845)
Token= EndArgValue(845)
Token= EndArgs
Token= Whitespace(846, ' ')
Token= BeginContent(846)
Token= BeginFunction(848)
Token= Call(848..852)
Token= Whitespace(852, ' ')
Token= BeginContent(852)
Token= Text(853..863)
Token= EndContent(863)
Token= EndFunction(863)
Token= EndContent(864)
Token= EndFunction(864)
Token= Text(865..872)
Token= BeginFunction(873)
Token= Call(873..876)
Token= Whitespace(876, '\n')
Token= BeginContent(876)
Token= Text(877..885)
Token= BeginFunction(886)
Token= Call(886..888)
Token= Whitespace(888, '\n')
Token= BeginContent(888)
Token= Text(889..899)
Token= BeginFunction(900)
Token= Call(900..902)
Token= Whitespace(902, ' ')
Token= BeginContent(902)
Token= BeginFunction(904)
Token= Call(904..905)
Token= BeginArgs
Token= ArgKey(906..910)
Token= BeginArgValue(911)
Token= Text(911..916)
Token= EndArgValue(916)
Token= EndArgs
Token= Whitespace(917, ' ')
Token= BeginContent(917)
Token= BeginFunction(919)
Token= Call(919..925)
Token= Whitespace(925, ' ')
Token= BeginContent(925)
Token= Text(926..931)
Token= EndContent(931)
Token= EndFunction(931)
Token= EndContent(932)
Token= EndFunction(932)
Token= EndContent(933)
Token= EndFunction(933)
Token= Text(934..945)
Token= BeginFunction(946)
Token= Call(946..948)
Token= Whitespace(948, ' ')
Token= BeginContent(948)
Token= BeginFunction(950)
Token= Call(950..951)
Token= BeginArgs
Token= ArgKey(952..956)
Token= BeginArgValue(957)
Token= Text(957..964)
Token= EndArgValue(964)
Token= EndArgs
Token= Whitespace(965, ' ')
Token= BeginContent(965)
Token= BeginFunction(967)
Token= Call(967..973)
Token= Whitespace(973, ' ')
Token= BeginContent(973)
Token= Text(974..981)
Token= EndContent(981)
Token= EndFunction(981)
Token= EndContent(982)
Token= EndFunction(982)
Token= EndContent(983)
Token= EndFunction(983)
Token= Text(984..995)
Token= BeginFunction(996)
Token= Call(996..998)
Token= Whitespace(998, ' ')
Token= BeginContent(998)
Token= BeginFunction(1000)
Token= Call(1000..1001)
Token= BeginArgs
Token= ArgKey(1002..1006)
Token= BeginArgValue(1007)
Token= Text(1007..1015)
Token= EndArgValue(1015)
Token= EndArgs
Token= Whitespace(1016, ' ')
Token= BeginContent(1016)
Token= BeginFunction(1018)
Token= Call(1018..1024)
Token= Whitespace(1024, ' ')
Token= BeginContent(1024)
Token= Text(1025..1033)
Token= EndContent(1033)
Token= EndFunction(1033)
Token= EndContent(1034)
Token= EndFunction(1034)
Token= EndContent(1035)
Token= EndFunction(1035)
Token= Text(1036..1047)
Token= BeginFunction(1048)
Token= Call(1048..1050)
Token= Whitespace(1050, ' ')
Token= BeginContent(1050)
Token= BeginFunction(1052)
Token= Call(1052..1053)
Token= BeginArgs
Token= ArgKey(1054..1058)
Token= BeginArgValue(1059)
Token= Text(1059..1067)
Token= EndArgValue(1067)
Token= EndArgs
Token= Whitespace(1068, ' ')
Token= BeginContent(1068)
Token= BeginFunction(1070)
Token= Call(1070..1076)
Token= Whitespace(1076, ' ')
Token= BeginContent(1076)
Token= Text(1077..1085)
Token= EndContent(1085)
Token= EndFunction(1085)
Token= EndContent(1086)
Token= EndFunction(1086)
Token= EndContent(1087)
Token= EndFunction(1087)
Token= Text(1088..1097)
Token= EndContent(1097)
Token= EndFunction(1097)
Token= Text(1098..1105)
Token= EndContent(1105)
Token= EndFunction(1105)
Token= Text(1106..1111)
Token= EndContent(1111)
Token= EndFunction(1111)
Token= Text(1112..1117)
Token= BeginFunction(1118)
Token= Call(1118..1124)
Token= Whitespace(1124, '\n')
Token= BeginContent(1124)
Token= Text(1125..1131)
Token= BeginFunction(1132)
Token= Call(1132..1133)
Token= Whitespace(1133, '\n')
Token= BeginContent(1133)
Token= Text(1134..1152)
Token= BeginFunction(1153)
Token= Call(1153..1154)
Token= BeginArgs
Token= ArgKey(1155..1159)
Token= BeginArgValue(1160)
Token= Text(1160..1164)
Token= EndArgValue(1164)
Token= EndArgs
Token= Whitespace(1165, ' ')
Token= BeginContent(1165)
Token= Text(1166..1175)
Token= EndContent(1175)
Token= EndFunction(1175)
Token= Text(1176..1186)
Token= BeginFunction(1187)
Token= Call(1187..1189)
Token= EndFunction(1189)
Token= Text(1190..1228)
Token= BeginFunction(1229)
Token= Call(1229..1230)
Token= BeginArgs
Token= ArgKey(1231..1235)
Token= BeginArgValue(1236)
Token= Text(1236..1247)
Token= EndArgValue(1247)
Token= EndArgs
Token= Whitespace(1248, ' ')
Token= BeginContent(1248)
Token= Text(1249..1256)
Token= EndContent(1256)
Token= EndFunction(1256)
Token= Text(1257..1286)
Token= BeginFunction(1287)
Token= Call(1287..1288)
Token= BeginArgs
Token= ArgKey(1289..1293)
Token= BeginArgValue(1294)
Token= Text(1294..1326)
Token= EndArgValue(1326)
Token= EndArgs
Token= Whitespace(1327, ' ')
Token= BeginContent(1327)
Token= Text(1328..1340)
Token= EndContent(1340)
Token= EndFunction(1340)
Token= Text(1341..1349)
Token= EndContent(1349)
Token= EndFunction(1349)
Token= Text(1350..1357)
Token= BeginFunction(1358)
Token= Call(1358..1359)
Token= Whitespace(1359, ' ')
Token= BeginContent(1359)
Token= Text(1360..1383)
Token= BeginFunction(1384)
Token= Call(1384..1388)
Token= Whitespace(1388, ' ')
Token= BeginContent(1388)
Token= Text(1389..1399)
Token= EndContent(1399)
Token= EndFunction(1399)
Token= EndContent(1400)
Token= EndFunction(1400)
Token= Text(1401..1406)
Token= EndContent(1406)
Token= EndFunction(1406)
Token= Text(1407..1410)
Token= EndContent(1410)
Token= EndFunction(1410)
Token= Text(1411..1412)
Token= EndContent(1412)
Token= EndFunction(1412)
Token= Text(1412..1412)
Token= EndOfFile(1411)
