Loading hook file 'hooks.markup.lua'
LOG[register_hook]: 'convert_node_to_string' hook from '../examples/markup/hooks.markup.lua' at line 131 registered
LOG[register_hook]: 'convert_node_to_string' hook from '../examples/markup/hooks.markup.lua' at line 132 registered
Running transformation.
LOG[transform]: run setup hooks
LOG[transform]: run read-new-node hooks
LOG[transform]: run modify-node hooks
LOG[transform]: run read-modified-node hooks
LOG[transform]: run convert-node-to-string hooks
LOG[transform]: ran 'convert_node_to_string' hook from '../examples/markup/hooks.markup.lua' at line 131 for call 'meta'
LOG[transform]: ran 'convert_node_to_string' hook from '../examples/markup/hooks.markup.lua' at line 131 for call 'title'
LOG[transform]: ran 'convert_node_to_string' hook from '../examples/markup/hooks.markup.lua' at line 131 for call 'meta'
LOG[transform]: ran 'convert_node_to_string' hook from '../examples/markup/hooks.markup.lua' at line 131 for call 'meta'
LOG[transform]: ran 'convert_node_to_string' hook from '../examples/markup/hooks.markup.lua' at line 131 for call 'meta'
LOG[transform]: ran 'convert_node_to_string' hook from '../examples/markup/hooks.markup.lua' at line 131 for call 'meta'
LOG[transform]: ran 'convert_node_to_string' hook from '../examples/markup/hooks.markup.lua' at line 131 for call 'meta'
LOG[transform]: ran 'convert_node_to_string' hook from '../examples/markup/hooks.markup.lua' at line 131 for call 'meta'
LOG[transform]: ran 'convert_node_to_string' hook from '../examples/markup/hooks.markup.lua' at line 131 for call 'meta'
LOG[transform]: ran 'convert_node_to_string' hook from '../examples/markup/hooks.markup.lua' at line 131 for call 'link'
LOG[transform]: ran 'convert_node_to_string' hook from '../examples/markup/hooks.markup.lua' at line 131 for call 'link'
LOG[transform]: ran 'convert_node_to_string' hook from '../examples/markup/hooks.markup.lua' at line 131 for call 'link'
LOG[transform]: ran 'convert_node_to_string' hook from '../examples/markup/hooks.markup.lua' at line 131 for call 'link'
LOG[transform]: ran 'convert_node_to_string' hook from '../examples/markup/hooks.markup.lua' at line 131 for call 'script'
LOG[transform]: ran 'convert_node_to_string' hook from '../examples/markup/hooks.markup.lua' at line 131 for call 'head'
LOG[transform]: ran 'convert_node_to_string' hook from '../examples/markup/hooks.markup.lua' at line 131 for call 'span'
LOG[transform]: ran 'convert_node_to_string' hook from '../examples/markup/hooks.markup.lua' at line 131 for call 'h1'
LOG[transform]: ran 'convert_node_to_string' hook from '../examples/markup/hooks.markup.lua' at line 131 for call 'strong'
LOG[transform]: ran 'convert_node_to_string' hook from '../examples/markup/hooks.markup.lua' at line 131 for call 'a'
LOG[transform]: ran 'convert_node_to_string' hook from '../examples/markup/hooks.markup.lua' at line 131 for call 'li'
LOG[transform]: ran 'convert_node_to_string' hook from '../examples/markup/hooks.markup.lua' at line 131 for call 'strong'
LOG[transform]: ran 'convert_node_to_string' hook from '../examples/markup/hooks.markup.lua' at line 131 for call 'a'
LOG[transform]: ran 'convert_node_to_string' hook from '../examples/markup/hooks.markup.lua' at line 131 for call 'li'
LOG[transform]: ran 'convert_node_to_string' hook from '../examples/markup/hooks.markup.lua' at line 131 for call 'strong'
LOG[transform]: ran 'convert_node_to_string' hook from '../examples/markup/hooks.markup.lua' at line 131 for call 'a'
LOG[transform]: ran 'convert_node_to_string' hook from '../examples/markup/hooks.markup.lua' at line 131 for call 'li'
LOG[transform]: ran 'convert_node_to_string' hook from '../examples/markup/hooks.markup.lua' at line 131 for call 'strong'
LOG[transform]: ran 'convert_node_to_string' hook from '../examples/markup/hooks.markup.lua' at line 131 for call 'a'
LOG[transform]: ran 'convert_node_to_string' hook from '../examples/markup/hooks.markup.lua' at line 131 for call 'li'
LOG[transform]: ran 'convert_node_to_string' hook from '../examples/markup/hooks.markup.lua' at line 131 for call 'ul'
LOG[transform]: ran 'convert_node_to_string' hook from '../examples/markup/hooks.markup.lua' at line 131 for call 'nav'
LOG[transform]: ran 'convert_node_to_string' hook from '../examples/markup/hooks.markup.lua' at line 131 for call 'main'
LOG[transform]: ran 'convert_node_to_string' hook from '../examples/markup/hooks.markup.lua' at line 131 for call 'a'
LOG[transform]: ran 'convert_node_to_string' hook from '../examples/markup/hooks.markup.lua' at line 131 for call 'br'
LOG[transform]: ran 'convert_node_to_string' hook from '../examples/markup/hooks.markup.lua' at line 131 for call 'a'
LOG[transform]: ran 'convert_node_to_string' hook from '../examples/markup/hooks.markup.lua' at line 131 for call 'a'
LOG[transform]: ran 'convert_node_to_string' hook from '../examples/markup/hooks.markup.lua' at line 131 for call 'p'
LOG[transform]: ran 'convert_node_to_string' hook from '../examples/markup/hooks.markup.lua' at line 131 for call 'time'
LOG[transform]: ran 'convert_node_to_string' hook from '../examples/markup/hooks.markup.lua' at line 131 for call 'p'
LOG[transform]: ran 'convert_node_to_string' hook from '../examples/markup/hooks.markup.lua' at line 131 for call 'footer'
LOG[transform]: ran 'convert_node_to_string' hook from '../examples/markup/hooks.markup.lua' at line 131 for call 'body'
LOG[transform]: ran 'convert_node_to_string' hook from '../examples/markup/hooks.markup.lua' at line 131 for call 'html'
LOG[transform]: ran 'convert_node_to_string' hook from '../examples/markup/hooks.markup.lua' at line 132 for call 'document'
LOG[transform]: run modify-final-string hooks
File '../examples/markup/doc.txt' read.
File '../examples/markup/doc.lit' written.
