LOG[register_hook]:	'convert_node_to_string' hook from './examples/markup/hooks.markup.lua' at line 170 registered
LOG[register_hook]:	'convert_node_to_string' hook from './examples/markup/hooks.markup.lua' at line 173 registered
LOG[preprocess]:	run on_setup hooks
LOG[preprocess]:	run modify_initial_string hooks
BeginFunction(0)
Call(1..5)
BeginArgs(5)
ArgKey(6..10)
BeginArgValue(11)
Text(11..13)
EndArgValue(13)
EndArgs(13)
Whitespace(14, '\n')
BeginContent(15)
Text(15..17)
BeginFunction(17)
Call(18..22)
Whitespace(22, '\n')
BeginContent(23)
Text(23..27)
BeginFunction(27)
Call(28..32)
BeginArgs(32)
ArgKey(33..40)
BeginArgValue(41)
Text(41..46)
EndArgValue(46)
EndArgs(46)
EndFunction(47)
Text(48..53)
BeginFunction(53)
Call(54..59)
Whitespace(59, ' ')
BeginContent(60)
Text(60..98)
EndContent(98)
EndFunction(98)
Text(99..104)
BeginFunction(104)
Call(105..109)
BeginArgs(109)
ArgKey(110..114)
BeginArgValue(115)
Text(115..130)
EndArgValue(130)
ArgKey(132..139)
BeginArgValue(140)
Text(140..154)
EndArgValue(154)
EndArgs(154)
EndFunction(155)
Text(156..161)
BeginFunction(161)
Call(162..166)
BeginArgs(166)
ArgKey(167..171)
BeginArgValue(172)
Text(172..187)
EndArgValue(187)
ArgKey(189..196)
BeginArgValue(197)
Text(197..207)
EndArgValue(207)
EndArgs(207)
EndFunction(208)
Text(209..214)
BeginFunction(214)
Call(215..219)
BeginArgs(219)
ArgKey(220..224)
BeginArgValue(225)
Text(225..244)
EndArgValue(244)
ArgKey(246..253)
BeginArgValue(254)
Text(254..272)
EndArgValue(272)
EndArgs(272)
EndFunction(273)
Text(274..279)
BeginFunction(279)
Call(280..284)
BeginArgs(284)
ArgKey(285..289)
BeginArgValue(290)
Text(290..301)
EndArgValue(301)
ArgKey(303..310)
BeginArgValue(311)
Text(311..329)
EndArgValue(329)
EndArgs(329)
EndFunction(330)
Text(331..336)
BeginFunction(336)
Call(337..341)
BeginArgs(341)
ArgKey(342..346)
BeginArgValue(347)
Text(347..363)
EndArgValue(363)
ArgKey(365..372)
BeginArgValue(373)
Text(373..375)
EndArgValue(375)
EndArgs(375)
EndFunction(376)
Text(377..382)
BeginFunction(382)
Call(383..387)
BeginArgs(387)
ArgKey(388..392)
BeginArgValue(393)
Text(393..401)
EndArgValue(401)
ArgKey(403..410)
BeginArgValue(411)
Text(411..446)
EndArgValue(446)
EndArgs(446)
EndFunction(447)
Text(448..453)
BeginFunction(453)
Call(454..458)
BeginArgs(458)
ArgKey(459..463)
BeginArgValue(464)
Text(464..470)
EndArgValue(470)
ArgKey(472..479)
BeginArgValue(480)
Text(480..483)
EndArgValue(483)
EndArgs(483)
EndFunction(484)
Text(485..490)
BeginFunction(490)
Call(491..495)
BeginArgs(495)
ArgKey(496..499)
BeginArgValue(500)
Text(500..502)
EndArgValue(502)
ArgKey(504..508)
BeginArgValue(509)
Text(509..537)
EndArgValue(537)
EndArgs(537)
EndFunction(538)
Text(539..544)
BeginFunction(544)
Call(545..549)
BeginArgs(549)
ArgKey(550..553)
BeginArgValue(554)
Text(554..560)
EndArgValue(560)
ArgKey(562..566)
BeginArgValue(567)
Text(567..577)
EndArgValue(577)
ArgKey(579..583)
BeginArgValue(584)
Text(584..595)
EndArgValue(595)
EndArgs(595)
EndFunction(596)
Text(597..602)
BeginFunction(602)
Call(603..607)
BeginArgs(607)
ArgKey(608..611)
BeginArgValue(612)
Text(612..625)
EndArgValue(625)
ArgKey(627..631)
BeginArgValue(632)
Text(632..655)
EndArgValue(655)
EndArgs(655)
EndFunction(656)
Text(657..662)
BeginFunction(662)
Call(663..667)
BeginArgs(667)
ArgKey(668..671)
BeginArgValue(672)
Text(672..682)
EndArgValue(682)
ArgKey(684..688)
BeginArgValue(689)
Text(689..697)
EndArgValue(697)
ArgKey(699..703)
BeginArgValue(704)
Text(704..725)
EndArgValue(725)
EndArgs(725)
EndFunction(726)
Text(727..732)
BeginFunction(732)
Call(733..739)
BeginArgs(739)
ArgKey(740..743)
BeginArgValue(744)
Text(744..775)
EndArgValue(775)
EndArgs(775)
EndFunction(776)
Text(777..780)
EndContent(780)
EndFunction(780)
Text(781..785)
BeginFunction(785)
Call(786..790)
BeginArgs(790)
ArgKey(791..795)
BeginArgValue(796)
Text(796..801)
EndArgValue(801)
ArgKey(803..805)
BeginArgValue(806)
Text(806..811)
EndArgValue(811)
EndArgs(811)
Whitespace(812, '\n')
BeginContent(813)
Text(813..817)
BeginFunction(817)
Call(818..822)
Whitespace(822, '\n')
BeginContent(823)
Text(823..829)
BeginFunction(829)
Call(830..832)
BeginArgs(832)
ArgKey(833..835)
BeginArgValue(836)
Text(836..845)
EndArgValue(845)
EndArgs(845)
Whitespace(846, ' ')
BeginContent(847)
BeginFunction(847)
Call(848..852)
Whitespace(852, ' ')
BeginContent(853)
Text(853..863)
EndContent(863)
EndFunction(863)
EndContent(864)
EndFunction(864)
Text(865..872)
BeginFunction(872)
Call(873..876)
Whitespace(876, '\n')
BeginContent(877)
Text(877..885)
BeginFunction(885)
Call(886..888)
Whitespace(888, '\n')
BeginContent(889)
Text(889..899)
BeginFunction(899)
Call(900..902)
Whitespace(902, ' ')
BeginContent(903)
BeginFunction(903)
Call(904..905)
BeginArgs(905)
ArgKey(906..910)
BeginArgValue(911)
Text(911..916)
EndArgValue(916)
EndArgs(916)
Whitespace(917, ' ')
BeginContent(918)
BeginFunction(918)
Call(919..925)
Whitespace(925, ' ')
BeginContent(926)
Text(926..931)
EndContent(931)
EndFunction(931)
EndContent(932)
EndFunction(932)
EndContent(933)
EndFunction(933)
Text(934..945)
BeginFunction(945)
Call(946..948)
Whitespace(948, ' ')
BeginContent(949)
BeginFunction(949)
Call(950..951)
BeginArgs(951)
ArgKey(952..956)
BeginArgValue(957)
Text(957..964)
EndArgValue(964)
EndArgs(964)
Whitespace(965, ' ')
BeginContent(966)
BeginFunction(966)
Call(967..973)
Whitespace(973, ' ')
BeginContent(974)
Text(974..981)
EndContent(981)
EndFunction(981)
EndContent(982)
EndFunction(982)
EndContent(983)
EndFunction(983)
Text(984..995)
BeginFunction(995)
Call(996..998)
Whitespace(998, ' ')
BeginContent(999)
BeginFunction(999)
Call(1000..1001)
BeginArgs(1001)
ArgKey(1002..1006)
BeginArgValue(1007)
Text(1007..1015)
EndArgValue(1015)
EndArgs(1015)
Whitespace(1016, ' ')
BeginContent(1017)
BeginFunction(1017)
Call(1018..1024)
Whitespace(1024, ' ')
BeginContent(1025)
Text(1025..1033)
EndContent(1033)
EndFunction(1033)
EndContent(1034)
EndFunction(1034)
EndContent(1035)
EndFunction(1035)
Text(1036..1047)
BeginFunction(1047)
Call(1048..1050)
Whitespace(1050, ' ')
BeginContent(1051)
BeginFunction(1051)
Call(1052..1053)
BeginArgs(1053)
ArgKey(1054..1058)
BeginArgValue(1059)
Text(1059..1067)
EndArgValue(1067)
EndArgs(1067)
Whitespace(1068, ' ')
BeginContent(1069)
BeginFunction(1069)
Call(1070..1076)
Whitespace(1076, ' ')
BeginContent(1077)
Text(1077..1085)
EndContent(1085)
EndFunction(1085)
EndContent(1086)
EndFunction(1086)
EndContent(1087)
EndFunction(1087)
Text(1088..1097)
EndContent(1097)
EndFunction(1097)
Text(1098..1105)
EndContent(1105)
EndFunction(1105)
Text(1106..1111)
EndContent(1111)
EndFunction(1111)
Text(1112..1117)
BeginFunction(1117)
Call(1118..1124)
Whitespace(1124, '\n')
BeginContent(1125)
Text(1125..1131)
BeginFunction(1131)
Call(1132..1133)
Whitespace(1133, '\n')
BeginContent(1134)
Text(1134..1152)
BeginFunction(1152)
Call(1153..1154)
BeginArgs(1154)
ArgKey(1155..1159)
BeginArgValue(1160)
Text(1160..1164)
EndArgValue(1164)
EndArgs(1164)
Whitespace(1165, ' ')
BeginContent(1166)
Text(1166..1175)
EndContent(1175)
EndFunction(1175)
Text(1176..1186)
BeginFunction(1186)
Call(1187..1189)
EndFunction(1189)
Text(1190..1228)
BeginFunction(1228)
Call(1229..1230)
BeginArgs(1230)
ArgKey(1231..1235)
BeginArgValue(1236)
Text(1236..1247)
EndArgValue(1247)
EndArgs(1247)
Whitespace(1248, ' ')
BeginContent(1249)
Text(1249..1256)
EndContent(1256)
EndFunction(1256)
Text(1257..1286)
BeginFunction(1286)
Call(1287..1288)
BeginArgs(1288)
ArgKey(1289..1293)
BeginArgValue(1294)
Text(1294..1326)
EndArgValue(1326)
EndArgs(1326)
Whitespace(1327, ' ')
BeginContent(1328)
Text(1328..1340)
EndContent(1340)
EndFunction(1340)
Text(1341..1349)
EndContent(1349)
EndFunction(1349)
Text(1350..1357)
BeginFunction(1357)
Call(1358..1359)
Whitespace(1359, ' ')
BeginContent(1360)
Text(1360..1383)
BeginFunction(1383)
Call(1384..1388)
Whitespace(1388, ' ')
BeginContent(1389)
Text(1389..1399)
EndContent(1399)
EndFunction(1399)
EndContent(1400)
EndFunction(1400)
Text(1401..1406)
EndContent(1406)
EndFunction(1406)
Text(1407..1410)
EndContent(1410)
EndFunction(1410)
Text(1411..1412)
EndContent(1412)
EndFunction(1412)
EndOfFile(1413)
