Token= BeginFunction(1)
Token= Call(1..4)
Token= BeginArgs
Token= ArgKey(5..9)
Token= BeginArgValue(10)
Token= Text(10..22)
Token= EndArgValue(22)
Token= ArgKey(24..32)
Token= BeginArgValue(33)
Token= Text(33..35)
Token= EndArgValue(35)
Token= ArgKey(37..48)
Token= BeginArgValue(49)
Token= Text(49..64)
Token= EndArgValue(64)
Token= ArgKey(66..69)
Token= BeginArgValue(70)
Token= Text(70..77)
Token= EndArgValue(77)
Token= EndArgs
Token= EndFunction(78)
Token= Text(79..86)
Token= BeginFunction(87)
Token= Call(87..91)
Token= EndFunction(91)
Token= Text(92..142)
Token= BeginFunction(143)
Token= Call(143..151)
Token= EndFunction(151)
Token= Text(152..207)
Token= BeginFunction(208)
Token= Call(208..219)
Token= EndFunction(219)
Token= Text(220..237)
Token= BeginFunction(238)
Token= Call(238..241)
Token= EndFunction(241)
Token= EndOfFile(242)
