LOG[register_hook]:	'convert_node_to_string' hook from './examples/replacements/hooks.replacement.lua' at line 1 registered
LOG[preprocess]:	run on_setup hooks
LOG[preprocess]:	run modify_initial_string hooks
BeginFunction(0)
Call(1..4)
BeginArgs(4)
ArgKey(5..9)
BeginArgValue(10)
Text(10..22)
EndArgValue(22)
ArgKey(24..32)
BeginArgValue(33)
Text(33..35)
EndArgValue(35)
ArgKey(37..48)
BeginArgValue(49)
Text(49..64)
EndArgValue(64)
ArgKey(66..69)
BeginArgValue(70)
Text(70..77)
EndArgValue(77)
EndArgs(77)
EndFunction(78)
Text(79..86)
BeginFunction(86)
Call(87..91)
EndFunction(91)
Text(92..142)
BeginFunction(142)
Call(143..151)
EndFunction(151)
Text(152..207)
BeginFunction(207)
Call(208..219)
EndFunction(219)
Text(220..237)
BeginFunction(237)
Call(238..241)
EndFunction(241)
Text(242..243)
EndOfFile(243)
